(?# ---------- BANNER)
VZ- Azure Vision CLI, Version [1]\.[0-9]{2}[^\r]+\r?$\n
^Copyright \(c\) 202[0-9] Microsoft Corporation\. All Rights Reserved\.\r?$\n
^\r?$\n


(?# ---------- GET)

## TODO -- update once help is "complete"
FAIL FOR NOW