(?# ---------- BANNER)
^SPX - Azure Speech CLI, Version [1]\.[0-9]{2}[^\r]+\r?$\n
^Copyright \(c\) 202[0-9] Microsoft Corporation\. All Rights Reserved\.\r?$\n
^\r?$\n


(?# ---------- LOCATION)
^LOCATION: [^\r]+[/\\]\.spx[/\\]data \(local\)\r?$\n
^\r?$\n
^  name227266\r?$\n
